<!--
- Kit: Shadcn UI
- Component: Badge
- Code:
```twig
<twig:Badge>
    <twig:ux:icon name="lucide:check" class="mr-1 h-3 w-3" />
    Verified
</twig:Badge>
```
- Rendered code (prettified for testing purposes, run "php vendor/bin/phpunit -d --update-snapshots" to update snapshots): -->
<div class="inline-flex items-center rounded-full border px-2.5 py-0.5 text-xs font-semibold transition-colors focus:outline-none focus:ring-2 focus:ring-ring focus:ring-offset-2 border-transparent bg-primary text-primary-foreground hover:bg-primary/80">
<svg xmlns="https://www.w3.org/2000/svg" viewbox="0 0 24 24" fill="currentColor" class="mr-1 h-3 w-3" aria-hidden="true"><path fill="none" stroke="currentColor" stroke-linecap="round" stroke-linejoin="round" stroke-width="2" d="M20 6L9 17l-5-5"></path></svg>
    Verified
</div>