<!--
- Kit: Shadcn UI
- Component: Progress
- Code:
```twig
<twig:Progress value="33" />
```
- Rendered code (prettified for testing purposes, run "php vendor/bin/phpunit -d --update-snapshots" to update snapshots): -->
<div class="relative h-4 w-full overflow-hidden rounded-full bg-secondary " role="progressbar" aria-valuemin="0" aria-valuemax="100" aria-valuenow="33">
    <div class="h-full w-full flex-1 bg-primary transition-all" style="transform: translateX(-67%)"></div>
</div>