<!--
- Kit: Shadcn UI
- Component: Alert
- Code:
```twig
<twig:Alert class="max-w-lg">
    <twig:ux:icon name="tabler:terminal" class="h-4 w-4" />
    <twig:Alert:Title>Heads up!</twig:Alert:Title>
    <twig:Alert:Description>
        You can add components to your app using the cli.
    </twig:Alert:Description>
</twig:Alert>
```
- Rendered code (prettified for testing purposes, run "php vendor/bin/phpunit -d --update-snapshots" to update snapshots): -->
<div class="relative w-full rounded-lg border p-4 [&amp;&gt;svg~*]:pl-7 [&amp;&gt;svg+div]:translate-y-[-3px] [&amp;&gt;svg]:absolute [&amp;&gt;svg]:left-4 [&amp;&gt;svg]:top-4 [&amp;&gt;svg]:text-foreground bg-background text-foreground max-w-lg" role="alert">
<svg xmlns="https://www.w3.org/2000/svg" viewbox="0 0 24 24" fill="currentColor" class="h-4 w-4" aria-hidden="true"><path fill="none" stroke="currentColor" stroke-linecap="round" stroke-linejoin="round" stroke-width="2" d="m5 7l5 5l-5 5m7 2h7"></path></svg>
    <h5 class="mb-1 font-medium leading-none tracking-tight ">Heads up!</h5>
    <p class="text-sm [&amp;_p]:leading-relaxed ">You can add components to your app using the cli.
    </p>
</div>