<!--
- Kit: Shadcn UI
- Component: Button
- Code:
```twig
<twig:Button variant="destructive">Destructive</twig:Button>
```
- Rendered code (prettified for testing purposes, run "php vendor/bin/phpunit -d --update-snapshots" to update snapshots): -->
<button class="inline-flex items-center justify-center gap-2 whitespace-nowrap rounded-md text-sm font-medium ring-offset-background transition-colors focus-visible:outline-none focus-visible:ring-2 focus-visible:ring-ring focus-visible:ring-offset-2 disabled:pointer-events-none disabled:opacity-50 [&amp;_svg]:pointer-events-none [&amp;_svg]:size-4 [&amp;_svg]:shrink-0 bg-destructive text-destructive-foreground hover:bg-destructive/90 h-10 px-4 py-2">Destructive</button>