<!--
- Kit: Shadcn UI
- Component: Textarea
- Code:
```twig
<div class="grid w-sm gap-1.5">
    <label for="message">Your message</label>
    <twig:Textarea id="message" placeholder="Type your message here." />
</div>
```
- Rendered code (prettified for testing purposes, run "php vendor/bin/phpunit -d --update-snapshots" to update snapshots): -->
<div class="grid w-sm gap-1.5">
    <label for="message">Your message</label>
    <textarea class="flex min-h-[80px] w-full rounded-md border border-input bg-background px-3 py-2 text-base ring-offset-background placeholder:text-muted-foreground focus-visible:outline-none focus-visible:ring-2 focus-visible:ring-ring focus-visible:ring-offset-2 disabled:cursor-not-allowed disabled:opacity-50 md:text-sm " id="message" placeholder="Type your message here."></textarea>

</div>