<!--
- Kit: Shadcn UI
- Component: Button
- Code:
```twig
<twig:Button>
    <twig:ux:icon name="lucide:mail" /> Login with Email
</twig:Button>
```
- Rendered code (prettified for testing purposes, run "php vendor/bin/phpunit -d --update-snapshots" to update snapshots): -->
<button class="inline-flex items-center justify-center gap-2 whitespace-nowrap rounded-md text-sm font-medium ring-offset-background transition-colors focus-visible:outline-none focus-visible:ring-2 focus-visible:ring-ring focus-visible:ring-offset-2 disabled:pointer-events-none disabled:opacity-50 [&amp;_svg]:pointer-events-none [&amp;_svg]:size-4 [&amp;_svg]:shrink-0 bg-primary text-primary-foreground hover:bg-primary/90 h-10 px-4 py-2"><svg xmlns="https://www.w3.org/2000/svg" viewbox="0 0 24 24" fill="currentColor" aria-hidden="true"><g fill="none" stroke="currentColor" stroke-linecap="round" stroke-linejoin="round" stroke-width="2"><path d="m22 7l-8.991 5.727a2 2 0 0 1-2.009 0L2 7"></path><rect width="20" height="16" x="2" y="4" rx="2"></rect></g></svg> Login with Email
</button>