<!--
- Kit: Shadcn UI
- Component: Input
- Code:
```twig
<div class="grid w-full max-w-sm items-center gap-1.5">
    <label for="picture">Picture</label>
    <twig:Input type="file" id="picture" />
</div>
```
- Rendered code (prettified for testing purposes, run "php vendor/bin/phpunit -d --update-snapshots" to update snapshots): -->
<div class="grid w-full max-w-sm items-center gap-1.5">
    <label for="picture">Picture</label>
    <input type="file" class="flex h-10 w-full rounded-md border border-input bg-background px-3 py-2 text-sm ring-offset-background file:border-0 file:bg-transparent file:text-sm file:font-medium placeholder:text-muted-foreground focus-visible:outline-none focus-visible:ring-2 focus-visible:ring-ring focus-visible:ring-offset-2 disabled:cursor-not-allowed disabled:opacity-50 " id="picture">

</div>