<!--
- Kit: Shadcn UI
- Component: Avatar
- Code:
```twig
<twig:Avatar>
    <twig:Avatar:Image src="https://github.com/symfony.png" alt="@symfony" />
</twig:Avatar>
```
- Rendered code (prettified for testing purposes, run "php vendor/bin/phpunit -d --update-snapshots" to update snapshots): -->
<span class="relative flex h-10 w-10 shrink-0 overflow-hidden rounded-full "><img class="aspect-square h-full w-full " alt="@symfony" src="https://github.com/symfony.png">

</span>