<!--
- Kit: Shadcn UI
- Component: Separator
- Code:
```twig
<div class="flex h-5 items-center gap-4 text-sm">
    <div>Blog</div>
    <twig:Separator orientation="vertical" />
    <div>Docs</div>
    <twig:Separator orientation="vertical" />
    <div>Source</div>
</div>
```
- Rendered code (prettified for testing purposes, run "php vendor/bin/phpunit -d --update-snapshots" to update snapshots): -->
<div class="flex h-5 items-center gap-4 text-sm">
    <div>Blog</div>
    <div class="shrink-0 bg-border h-full w-[1px]" role="none">
</div>

    <div>Docs</div>
    <div class="shrink-0 bg-border h-full w-[1px]" role="none">
</div>

    <div>Source</div>
</div>