<!--
- Kit: Shadcn UI
- Component: Button
- Code:
```twig
<twig:Button disabled>
    <twig:ux:icon name="lucide:loader-2" class="animate-spin" /> Please wait
</twig:Button>
```
- Rendered code (prettified for testing purposes, run "php vendor/bin/phpunit -d --update-snapshots" to update snapshots): -->
<button class="inline-flex items-center justify-center gap-2 whitespace-nowrap rounded-md text-sm font-medium ring-offset-background transition-colors focus-visible:outline-none focus-visible:ring-2 focus-visible:ring-ring focus-visible:ring-offset-2 disabled:pointer-events-none disabled:opacity-50 [&amp;_svg]:pointer-events-none [&amp;_svg]:size-4 [&amp;_svg]:shrink-0 bg-primary text-primary-foreground hover:bg-primary/90 h-10 px-4 py-2" disabled><svg xmlns="https://www.w3.org/2000/svg" viewbox="0 0 24 24" fill="currentColor" class="animate-spin" aria-hidden="true"><path fill="none" stroke="currentColor" stroke-linecap="round" stroke-linejoin="round" stroke-width="2" d="M21 12a9 9 0 1 1-6.219-8.56"></path></svg> Please wait
</button>