<!--
- Kit: Shadcn UI
- Component: AspectRatio
- Code:
```twig
<twig:AspectRatio ratio="16 / 9" class="max-w-[350px]">
    <img 
        src="https://images.unsplash.com/photo-1535025183041-0991a977e25b?w=300&amp;dpr=2&amp;q=80" 
        alt="Landscape photograph by Tobias Tullius"
        class="h-full w-full rounded-md object-cover"
    />
</twig:AspectRatio>
```
- Rendered code (prettified for testing purposes, run "php vendor/bin/phpunit -d --update-snapshots" to update snapshots): -->
<div style="aspect-ratio: 16 / 9; " class="max-w-[350px]">
<img src="https://images.unsplash.com/photo-1535025183041-0991a977e25b?w=300&amp;dpr=2&amp;q=80" alt="Landscape photograph by Tobias Tullius" class="h-full w-full rounded-md object-cover">
</div>