<!--
- Kit: Shadcn UI
- Component: Avatar
- Code:
```twig
<div class="flex -space-x-2">
    <twig:Avatar>
        <twig:Avatar:Image src="https://github.com/symfony.png" alt="@symfony" />
    </twig:Avatar>
    <twig:Avatar>
        <twig:Avatar:Text>FP</twig:Avatar:Text>
    </twig:Avatar>
    <twig:Avatar>
        <twig:Avatar:Text class="bg-red-500 text-red-50">FP</twig:Avatar:Text>
    </twig:Avatar>
</div>
```
- Rendered code (prettified for testing purposes, run "php vendor/bin/phpunit -d --update-snapshots" to update snapshots): -->
<div class="flex -space-x-2">
    <span class="relative flex h-10 w-10 shrink-0 overflow-hidden rounded-full "><img class="aspect-square h-full w-full " alt="@symfony" src="https://github.com/symfony.png">

    </span>
    <span class="relative flex h-10 w-10 shrink-0 overflow-hidden rounded-full "><span class="flex h-full w-full items-center justify-center rounded-full bg-muted ">FP</span>
    </span>
    <span class="relative flex h-10 w-10 shrink-0 overflow-hidden rounded-full "><span class="flex h-full w-full items-center justify-center rounded-full bg-muted bg-red-500 text-red-50">FP</span>
    </span>
</div>