<!--
- Kit: Shadcn UI
- Component: Input
- Code:
```twig
<twig:Input type="email" placeholder="Email" disabled class="max-w-sm" />
```
- Rendered code (prettified for testing purposes, run "php vendor/bin/phpunit -d --update-snapshots" to update snapshots): -->
<input type="email" class="flex h-10 w-full rounded-md border border-input bg-background px-3 py-2 text-sm ring-offset-background file:border-0 file:bg-transparent file:text-sm file:font-medium placeholder:text-muted-foreground focus-visible:outline-none focus-visible:ring-2 focus-visible:ring-ring focus-visible:ring-offset-2 disabled:cursor-not-allowed disabled:opacity-50 max-w-sm" placeholder="Email" disabled>