<!--
- Kit: Shadcn UI
- Component: Label
- Code:
```twig
<div class="grid w-full max-w-sm items-center gap-1.5">
    <twig:Label for="email" class="after:content-['*'] after:ml-0.5 after:text-red-500">Email</twig:Label>
    <twig:Input type="email" id="email" placeholder="Enter your email" />
</div>
```
- Rendered code (prettified for testing purposes, run "php vendor/bin/phpunit -d --update-snapshots" to update snapshots): -->
<div class="grid w-full max-w-sm items-center gap-1.5">
    <label class="text-sm font-medium leading-none peer-disabled:cursor-not-allowed peer-disabled:opacity-70 after:content-['*'] after:ml-0.5 after:text-red-500" for="email">Email</label>
    <input type="email" class="flex h-10 w-full rounded-md border border-input bg-background px-3 py-2 text-sm ring-offset-background file:border-0 file:bg-transparent file:text-sm file:font-medium placeholder:text-muted-foreground focus-visible:outline-none focus-visible:ring-2 focus-visible:ring-ring focus-visible:ring-offset-2 disabled:cursor-not-allowed disabled:opacity-50 " id="email" placeholder="Enter your email">

</div>