<!--
- Kit: Shadcn UI
- Component: Select
- Code:
```twig
<div class="grid w-full max-w-sm items-center gap-1.5">
    <twig:Label for="framework">Framework</twig:Label>
    <twig:Select id="framework">
        <option value="symfony">Symfony</option>
        <option value="laravel">Laravel</option>
        <option value="tempest">Tempest</option>
    </twig:Select>
</div>
```
- Rendered code (prettified for testing purposes, run "php vendor/bin/phpunit -d --update-snapshots" to update snapshots): -->
<div class="grid w-full max-w-sm items-center gap-1.5">
    <label class="text-sm font-medium leading-none peer-disabled:cursor-not-allowed peer-disabled:opacity-70" for="framework">Framework</label>
    <select class="flex h-10 w-full items-center justify-between rounded-md border border-input bg-background px-3 py-2 text-sm ring-offset-background data-[placeholder]:text-muted-foreground focus:outline-none focus:ring-2 focus:ring-ring focus:ring-offset-2 disabled:cursor-not-allowed disabled:opacity-50 [&amp;&gt;span]:line-clamp-1 " id="framework"><option value="symfony">Symfony</option>
        <option value="laravel">Laravel</option>
        <option value="tempest">Tempest</option>
    </select>
</div>