<!--
- Kit: Shadcn UI
- Component: Select
- Code:
```twig
<twig:Select disabled class="max-w-sm">
    <option value="1">1</option>
    <option value="2">2</option>
    <option value="3">3</option>
</twig:Select>
```
- Rendered code (prettified for testing purposes, run "php vendor/bin/phpunit -d --update-snapshots" to update snapshots): -->
<select class="flex h-10 w-full items-center justify-between rounded-md border border-input bg-background px-3 py-2 text-sm ring-offset-background data-[placeholder]:text-muted-foreground focus:outline-none focus:ring-2 focus:ring-ring focus:ring-offset-2 disabled:cursor-not-allowed disabled:opacity-50 [&amp;&gt;span]:line-clamp-1 max-w-sm" disabled><option value="1">1</option>
    <option value="2">2</option>
    <option value="3">3</option>
</select>