<!--
- Kit: Shadcn UI
- Component: Pagination
- Code:
```twig
<twig:Pagination>
    <twig:Pagination:Content>
        <twig:Pagination:Item>
            <twig:Pagination:Previous href="#" />
        </twig:Pagination:Item>
        <twig:Pagination:Item>
            <twig:Pagination:Link href="#">1</twig:Pagination:Link>
        </twig:Pagination:Item>
        <twig:Pagination:Item>
            <twig:Pagination:Ellipsis />
        </twig:Pagination:Item>
        <twig:Pagination:Item>
            <twig:Pagination:Link href="#">4</twig:Pagination:Link>
        </twig:Pagination:Item>
        <twig:Pagination:Item>
            <twig:Pagination:Link href="#" isActive>5</twig:Pagination:Link>
        </twig:Pagination:Item>
        <twig:Pagination:Item>
            <twig:Pagination:Link href="#">6</twig:Pagination:Link>
        </twig:Pagination:Item>
        <twig:Pagination:Item>
            <twig:Pagination:Ellipsis />
        </twig:Pagination:Item>
        <twig:Pagination:Item>
            <twig:Pagination:Link href="#">9</twig:Pagination:Link>
        </twig:Pagination:Item>
        <twig:Pagination:Item>
            <twig:Pagination:Next href="#" />
        </twig:Pagination:Item>
    </twig:Pagination:Content>
</twig:Pagination>
```
- Rendered code (prettified for testing purposes, run "php vendor/bin/phpunit -d --update-snapshots" to update snapshots): -->
<nav class="mx-auto flex w-full justify-center " role="navigation"><ul class="flex flex-row items-center gap-1 ">
<li>
<a class="inline-flex items-center justify-center gap-2 whitespace-nowrap rounded-md text-sm font-medium ring-offset-background transition-colors focus-visible:outline-none focus-visible:ring-2 focus-visible:ring-ring focus-visible:ring-offset-2 disabled:pointer-events-none disabled:opacity-50 [&amp;_svg]:pointer-events-none [&amp;_svg]:size-4 [&amp;_svg]:shrink-0 hover:bg-accent hover:text-accent-foreground h-10 px-4 py-2" aria-label="Go to previous page" href="#"><svg xmlns="https://www.w3.org/2000/svg" viewbox="0 0 24 24" fill="currentColor" class="size-4" aria-hidden="true"><path fill="none" stroke="currentColor" stroke-linecap="round" stroke-linejoin="round" stroke-width="2" d="m15 18l-6-6l6-6"></path></svg>
    <span>Previous</span>
</a>

        </li>
        <li>
<a class="inline-flex items-center justify-center gap-2 whitespace-nowrap rounded-md text-sm font-medium ring-offset-background transition-colors focus-visible:outline-none focus-visible:ring-2 focus-visible:ring-ring focus-visible:ring-offset-2 disabled:pointer-events-none disabled:opacity-50 [&amp;_svg]:pointer-events-none [&amp;_svg]:size-4 [&amp;_svg]:shrink-0 hover:bg-accent hover:text-accent-foreground h-10 w-10" href="#">1</a>
        </li>
        <li>
<span aria-hidden="true" class="flex h-9 w-9 items-center justify-center ">
    <svg xmlns="https://www.w3.org/2000/svg" viewbox="0 0 24 24" fill="currentColor" class="size-4" aria-hidden="true"><g fill="none" stroke="currentColor" stroke-linecap="round" stroke-linejoin="round" stroke-width="2"><circle cx="12" cy="12" r="1"></circle><circle cx="19" cy="12" r="1"></circle><circle cx="5" cy="12" r="1"></circle></g></svg>
    <span class="sr-only">More pages</span>
</span>

        </li>
        <li>
<a class="inline-flex items-center justify-center gap-2 whitespace-nowrap rounded-md text-sm font-medium ring-offset-background transition-colors focus-visible:outline-none focus-visible:ring-2 focus-visible:ring-ring focus-visible:ring-offset-2 disabled:pointer-events-none disabled:opacity-50 [&amp;_svg]:pointer-events-none [&amp;_svg]:size-4 [&amp;_svg]:shrink-0 hover:bg-accent hover:text-accent-foreground h-10 w-10" href="#">4</a>
        </li>
        <li>
<a class="inline-flex items-center justify-center gap-2 whitespace-nowrap rounded-md text-sm font-medium ring-offset-background transition-colors focus-visible:outline-none focus-visible:ring-2 focus-visible:ring-ring focus-visible:ring-offset-2 disabled:pointer-events-none disabled:opacity-50 [&amp;_svg]:pointer-events-none [&amp;_svg]:size-4 [&amp;_svg]:shrink-0 border border-input bg-background hover:bg-accent hover:text-accent-foreground h-10 w-10" aria-current="page" href="#">5</a>
        </li>
        <li>
<a class="inline-flex items-center justify-center gap-2 whitespace-nowrap rounded-md text-sm font-medium ring-offset-background transition-colors focus-visible:outline-none focus-visible:ring-2 focus-visible:ring-ring focus-visible:ring-offset-2 disabled:pointer-events-none disabled:opacity-50 [&amp;_svg]:pointer-events-none [&amp;_svg]:size-4 [&amp;_svg]:shrink-0 hover:bg-accent hover:text-accent-foreground h-10 w-10" href="#">6</a>
        </li>
        <li>
<span aria-hidden="true" class="flex h-9 w-9 items-center justify-center ">
    <svg xmlns="https://www.w3.org/2000/svg" viewbox="0 0 24 24" fill="currentColor" class="size-4" aria-hidden="true"><g fill="none" stroke="currentColor" stroke-linecap="round" stroke-linejoin="round" stroke-width="2"><circle cx="12" cy="12" r="1"></circle><circle cx="19" cy="12" r="1"></circle><circle cx="5" cy="12" r="1"></circle></g></svg>
    <span class="sr-only">More pages</span>
</span>

        </li>
        <li>
<a class="inline-flex items-center justify-center gap-2 whitespace-nowrap rounded-md text-sm font-medium ring-offset-background transition-colors focus-visible:outline-none focus-visible:ring-2 focus-visible:ring-ring focus-visible:ring-offset-2 disabled:pointer-events-none disabled:opacity-50 [&amp;_svg]:pointer-events-none [&amp;_svg]:size-4 [&amp;_svg]:shrink-0 hover:bg-accent hover:text-accent-foreground h-10 w-10" href="#">9</a>
        </li>
        <li>
<a class="inline-flex items-center justify-center gap-2 whitespace-nowrap rounded-md text-sm font-medium ring-offset-background transition-colors focus-visible:outline-none focus-visible:ring-2 focus-visible:ring-ring focus-visible:ring-offset-2 disabled:pointer-events-none disabled:opacity-50 [&amp;_svg]:pointer-events-none [&amp;_svg]:size-4 [&amp;_svg]:shrink-0 hover:bg-accent hover:text-accent-foreground h-10 px-4 py-2" aria-label="Go to next page" href="#"><span>Next</span>
    <svg xmlns="https://www.w3.org/2000/svg" viewbox="0 0 24 24" fill="currentColor" class="size-4" aria-hidden="true"><path fill="none" stroke="currentColor" stroke-linecap="round" stroke-linejoin="round" stroke-width="2" d="m9 18l6-6l-6-6"></path></svg>
</a>

        </li>
    </ul>
</nav>