<!--
- Kit: Shadcn UI
- Component: Button
- Code:
```twig
<twig:Button variant="outline" size="icon">
    <twig:ux:icon name="lucide:chevron-right" />
</twig:Button>
```
- Rendered code (prettified for testing purposes, run "php vendor/bin/phpunit -d --update-snapshots" to update snapshots): -->
<button class="inline-flex items-center justify-center gap-2 whitespace-nowrap rounded-md text-sm font-medium ring-offset-background transition-colors focus-visible:outline-none focus-visible:ring-2 focus-visible:ring-ring focus-visible:ring-offset-2 disabled:pointer-events-none disabled:opacity-50 [&amp;_svg]:pointer-events-none [&amp;_svg]:size-4 [&amp;_svg]:shrink-0 border border-input bg-background hover:bg-accent hover:text-accent-foreground h-10 w-10"><svg xmlns="https://www.w3.org/2000/svg" viewbox="0 0 24 24" fill="currentColor" aria-hidden="true"><path fill="none" stroke="currentColor" stroke-linecap="round" stroke-linejoin="round" stroke-width="2" d="m9 18l6-6l-6-6"></path></svg>
</button>