<!--
- Kit: Shadcn UI
- Component: Alert
- Code:
```twig
<twig:Alert variant="destructive" class="max-w-lg">
    <twig:ux:icon name="tabler:alert-circle" class="h-4 w-4" />
    <twig:Alert:Title>Error</twig:Alert:Title>
    <twig:Alert:Description>
        Your session has expired. Please log in again.
    </twig:Alert:Description>
</twig:Alert>
```
- Rendered code (prettified for testing purposes, run "php vendor/bin/phpunit -d --update-snapshots" to update snapshots): -->
<div class="relative w-full rounded-lg border p-4 [&amp;&gt;svg~*]:pl-7 [&amp;&gt;svg+div]:translate-y-[-3px] [&amp;&gt;svg]:absolute [&amp;&gt;svg]:left-4 [&amp;&gt;svg]:top-4 border-destructive/50 text-destructive dark:border-destructive [&amp;&gt;svg]:text-destructive max-w-lg" role="alert">
<svg xmlns="https://www.w3.org/2000/svg" viewbox="0 0 24 24" fill="currentColor" class="h-4 w-4" aria-hidden="true"><path fill="none" stroke="currentColor" stroke-linecap="round" stroke-linejoin="round" stroke-width="2" d="M3 12a9 9 0 1 0 18 0a9 9 0 0 0-18 0m9-4v4m0 4h.01"></path></svg>
    <h5 class="mb-1 font-medium leading-none tracking-tight ">Error</h5>
    <p class="text-sm [&amp;_p]:leading-relaxed ">Your session has expired. Please log in again.
    </p>
</div>