<!--
- Kit: Shadcn UI
- Component: Textarea
- Code:
```twig
<twig:Textarea placeholder="Type your message here." disabled class="max-w-sm" />
```
- Rendered code (prettified for testing purposes, run "php vendor/bin/phpunit -d --update-snapshots" to update snapshots): -->
<textarea class="flex min-h-[80px] w-full rounded-md border border-input bg-background px-3 py-2 text-base ring-offset-background placeholder:text-muted-foreground focus-visible:outline-none focus-visible:ring-2 focus-visible:ring-ring focus-visible:ring-offset-2 disabled:cursor-not-allowed disabled:opacity-50 md:text-sm max-w-sm" placeholder="Type your message here." disabled></textarea>