<!-- This HTML has been prettified for testing purposes, and may not represent the actual HTML output.
     Run "php vendor/bin/phpunit -d --update-snapshots" to update the snapshot. -->
<div
  data-controller="symfony--ux-google-map--map"
  data-symfony--ux-google-map--map-provider-options-value="{&quot;apiKey&quot;:&quot;api_key&quot;}"
  data-symfony--ux-google-map--map-center-value="{&quot;lat&quot;:48.8566,&quot;lng&quot;:2.3522}"
  data-symfony--ux-google-map--map-zoom-value="12"
  data-symfony--ux-google-map--map-fit-bounds-to-markers-value="false"
  data-symfony--ux-google-map--map-options-value="{&quot;mapId&quot;:null,&quot;gestureHandling&quot;:&quot;auto&quot;,&quot;backgroundColor&quot;:null,&quot;disableDoubleClickZoom&quot;:false,&quot;zoomControlOptions&quot;:{&quot;position&quot;:22},&quot;mapTypeControlOptions&quot;:{&quot;mapTypeIds&quot;:[],&quot;position&quot;:14,&quot;style&quot;:0},&quot;streetViewControlOptions&quot;:{&quot;position&quot;:22},&quot;fullscreenControlOptions&quot;:{&quot;position&quot;:20},&quot;@provider&quot;:&quot;google&quot;}"
  data-symfony--ux-google-map--map-markers-value="[{&quot;position&quot;:{&quot;lat&quot;:48.8566,&quot;lng&quot;:2.3522},&quot;title&quot;:&quot;Paris&quot;,&quot;infoWindow&quot;:null,&quot;icon&quot;:null,&quot;extra&quot;:[],&quot;id&quot;:&quot;marker1&quot;,&quot;@id&quot;:&quot;872feba9ebf3905d&quot;},{&quot;position&quot;:{&quot;lat&quot;:48.8566,&quot;lng&quot;:2.3522},&quot;title&quot;:&quot;Lyon&quot;,&quot;infoWindow&quot;:{&quot;headerContent&quot;:null,&quot;content&quot;:&quot;Lyon&quot;,&quot;position&quot;:null,&quot;opened&quot;:false,&quot;autoClose&quot;:true,&quot;extra&quot;:[]},&quot;icon&quot;:null,&quot;extra&quot;:[],&quot;id&quot;:null,&quot;@id&quot;:&quot;bce206d73dc5c164&quot;}]"
  data-symfony--ux-google-map--map-polygons-value="[]"
  data-symfony--ux-google-map--map-polylines-value="[]"
></div>