<!-- This HTML has been prettified for testing purposes, and may not represent the actual HTML output.
     Run "php vendor/bin/phpunit -d --update-snapshots" to update the snapshot. -->
<div
  data-controller="symfony--ux-leaflet-map--map"
  data-symfony--ux-leaflet-map--map-provider-options-value="{}"
  data-symfony--ux-leaflet-map--map-center-value="{&quot;lat&quot;:48.8566,&quot;lng&quot;:2.3522}"
  data-symfony--ux-leaflet-map--map-zoom-value="12"
  data-symfony--ux-leaflet-map--map-fit-bounds-to-markers-value="false"
  data-symfony--ux-leaflet-map--map-options-value="{&quot;tileLayer&quot;:{&quot;url&quot;:&quot;https:\/\/tile.openstreetmap.org\/{z}\/{x}\/{y}.png&quot;,&quot;attribution&quot;:&quot;\u00a9 &lt;a href=\&quot;https:\/\/www.openstreetmap.org\/copyright\&quot;&gt;OpenStreetMap&lt;\/a&gt;&quot;,&quot;options&quot;:[]},&quot;@provider&quot;:&quot;leaflet&quot;}"
  data-symfony--ux-leaflet-map--map-markers-value="[{&quot;position&quot;:{&quot;lat&quot;:48.8566,&quot;lng&quot;:2.3522},&quot;title&quot;:&quot;Paris&quot;,&quot;infoWindow&quot;:null,&quot;icon&quot;:{&quot;type&quot;:&quot;url&quot;,&quot;width&quot;:32,&quot;height&quot;:32,&quot;url&quot;:&quot;https:\/\/cdn.jsdelivr.net\/npm\/bootstrap-icons@1.11.3\/icons\/geo-alt.svg&quot;},&quot;extra&quot;:[],&quot;id&quot;:null,&quot;@id&quot;:&quot;217fa57668ad8e64&quot;},{&quot;position&quot;:{&quot;lat&quot;:45.764,&quot;lng&quot;:4.8357},&quot;title&quot;:&quot;Lyon&quot;,&quot;infoWindow&quot;:null,&quot;icon&quot;:{&quot;type&quot;:&quot;ux-icon&quot;,&quot;width&quot;:32,&quot;height&quot;:32,&quot;name&quot;:&quot;fa:map-marker&quot;,&quot;_generated_html&quot;:&quot;&lt;svg xmlns=\&quot;http:\/\/www.w3.org\/2000\/svg\&quot; width=\&quot;24\&quot; height=\&quot;24\&quot;&gt;...&lt;\/svg&gt;&quot;},&quot;extra&quot;:[],&quot;id&quot;:null,&quot;@id&quot;:&quot;255b208136900fc0&quot;},{&quot;position&quot;:{&quot;lat&quot;:45.8566,&quot;lng&quot;:2.3522},&quot;title&quot;:&quot;Dijon&quot;,&quot;infoWindow&quot;:null,&quot;icon&quot;:{&quot;type&quot;:&quot;svg&quot;,&quot;width&quot;:24,&quot;height&quot;:24,&quot;html&quot;:&quot;&lt;svg xmlns=\&quot;http:\/\/www.w3.org\/2000\/svg\&quot; width=\&quot;24\&quot; height=\&quot;24\&quot;&gt;...&lt;\/svg&gt;&quot;},&quot;extra&quot;:[],&quot;id&quot;:null,&quot;@id&quot;:&quot;1a410e92214f770c&quot;}]"
  data-symfony--ux-leaflet-map--map-polygons-value="[]"
  data-symfony--ux-leaflet-map--map-polylines-value="[]"
></div>