<!-- This HTML has been prettified for testing purposes, and may not represent the actual HTML output.
     Run "php vendor/bin/phpunit -d --update-snapshots" to update the snapshot. -->
<div
  data-controller="my-custom-controller symfony--ux-leaflet-map--map"
  data-symfony--ux-leaflet-map--map-provider-options-value="{}"
  data-symfony--ux-leaflet-map--map-center-value="{&quot;lat&quot;:48.8566,&quot;lng&quot;:2.3522}"
  data-symfony--ux-leaflet-map--map-zoom-value="12"
  data-symfony--ux-leaflet-map--map-fit-bounds-to-markers-value="false"
  data-symfony--ux-leaflet-map--map-options-value="{&quot;tileLayer&quot;:{&quot;url&quot;:&quot;https:\/\/tile.openstreetmap.org\/{z}\/{x}\/{y}.png&quot;,&quot;attribution&quot;:&quot;\u00a9 &lt;a href=\&quot;https:\/\/www.openstreetmap.org\/copyright\&quot;&gt;OpenStreetMap&lt;\/a&gt;&quot;,&quot;options&quot;:[]},&quot;@provider&quot;:&quot;leaflet&quot;}"
  data-symfony--ux-leaflet-map--map-markers-value="[]"
  data-symfony--ux-leaflet-map--map-polygons-value="[]"
  data-symfony--ux-leaflet-map--map-polylines-value="[]"
  class="map"
></div>